
  .   ____          _            __ _ _
 /\\ / ___'_ __ _ _(_)_ __  __ _ \ \ \ \
( ( )\___ | '_ | '_| | '_ \/ _` | \ \ \ \
 \\/  ___)| |_)| | | | | || (_| |  ) ) ) )
  '  |____| .__|_| |_|_| |_\__, | / / / /
 =========|_|==============|___/=/_/_/_/

 :: Spring Boot ::                (v3.4.2)

2025-11-20T10:22:43.951-05:00  INFO 376639 --- [QAPI_FacturacionMasiva] [           main] c.n.q.QapiFacturacionMasivaApplication   : Starting QapiFacturacionMasivaApplication v1.1.1 using Java 17.0.17-ea with PID 376639 (/home/adminblend/Programming/tech_home/Universidad_Caldas/QAPI_FacturacionRepo/QAPI_masiva/target/QAPI_FacturacionMasiva-1.1.1.jar started by adminblend in /home/adminblend/Programming/tech_home/Universidad_Caldas/QAPI_FacturacionRepo)
2025-11-20T10:22:43.954-05:00  INFO 376639 --- [QAPI_FacturacionMasiva] [           main] c.n.q.QapiFacturacionMasivaApplication   : The following 1 profile is active: "dev"
2025-11-20T10:22:45.885-05:00  INFO 376639 --- [QAPI_FacturacionMasiva] [           main] o.s.b.w.embedded.tomcat.TomcatWebServer  : Tomcat initialized with port 8080 (http)
2025-11-20T10:22:45.899-05:00  INFO 376639 --- [QAPI_FacturacionMasiva] [           main] o.apache.catalina.core.StandardService   : Starting service [Tomcat]
2025-11-20T10:22:45.900-05:00  INFO 376639 --- [QAPI_FacturacionMasiva] [           main] o.apache.catalina.core.StandardEngine    : Starting Servlet engine: [Apache Tomcat/10.1.34]
2025-11-20T10:22:45.929-05:00  INFO 376639 --- [QAPI_FacturacionMasiva] [           main] o.a.c.c.C.[Tomcat].[localhost].[/]       : Initializing Spring embedded WebApplicationContext
2025-11-20T10:22:45.930-05:00  INFO 376639 --- [QAPI_FacturacionMasiva] [           main] w.s.c.ServletWebServerApplicationContext : Root WebApplicationContext: initialization completed in 1919 ms
2025-11-20T10:22:46.068-05:00 DEBUG 376639 --- [QAPI_FacturacionMasiva] [           main] o.s.w.f.ServerHttpObservationFilter      : Filter 'webMvcObservationFilter' configured for use
2025-11-20T10:22:46.984-05:00 DEBUG 376639 --- [QAPI_FacturacionMasiva] [           main] swordEncoderAuthenticationManagerBuilder : No authenticationProviders and no parentAuthenticationManager defined. Returning null.
2025-11-20T10:22:47.093-05:00 DEBUG 376639 --- [QAPI_FacturacionMasiva] [           main] s.w.s.m.m.a.RequestMappingHandlerMapping : 8 mappings in 'requestMappingHandlerMapping'
2025-11-20T10:22:47.127-05:00 DEBUG 376639 --- [QAPI_FacturacionMasiva] [           main] o.s.w.s.handler.SimpleUrlHandlerMapping  : Patterns [/webjars/**, /**, /swagger-ui*/*swagger-initializer.js, /swagger-ui*/**] in 'resourceHandlerMapping'
2025-11-20T10:22:47.233-05:00  INFO 376639 --- [QAPI_FacturacionMasiva] [           main] o.s.b.a.e.web.EndpointLinksResolver      : Exposing 5 endpoints beneath base path '/actuator'
2025-11-20T10:22:47.300-05:00 DEBUG 376639 --- [QAPI_FacturacionMasiva] [           main] o.s.s.web.DefaultSecurityFilterChain     : Will secure any request with filters: DisableEncodeUrlFilter, WebAsyncManagerIntegrationFilter, SecurityContextHolderFilter, HeaderWriterFilter, CorsFilter, LogoutFilter, RequestCacheAwareFilter, SecurityContextHolderAwareRequestFilter, AnonymousAuthenticationFilter, SessionManagementFilter, ExceptionTranslationFilter, AuthorizationFilter
2025-11-20T10:22:47.389-05:00 DEBUG 376639 --- [QAPI_FacturacionMasiva] [           main] s.w.s.m.m.a.RequestMappingHandlerAdapter : ControllerAdvice beans: 0 @ModelAttribute, 0 @InitBinder, 1 RequestBodyAdvice, 1 ResponseBodyAdvice
2025-11-20T10:22:47.446-05:00 DEBUG 376639 --- [QAPI_FacturacionMasiva] [           main] .m.m.a.ExceptionHandlerExceptionResolver : ControllerAdvice beans: 1 @ExceptionHandler, 1 ResponseBodyAdvice
2025-11-20T10:22:47.728-05:00  WARN 376639 --- [QAPI_FacturacionMasiva] [           main] ConfigServletWebServerApplicationContext : Exception encountered during context initialization - cancelling refresh attempt: org.springframework.context.ApplicationContextException: Failed to start bean 'webServerStartStop'
2025-11-20T10:22:49.790-05:00  INFO 376639 --- [QAPI_FacturacionMasiva] [           main] .s.b.a.l.ConditionEvaluationReportLogger : 

Error starting ApplicationContext. To display the condition evaluation report re-run your application with 'debug' enabled.
2025-11-20T10:22:49.804-05:00 ERROR 376639 --- [QAPI_FacturacionMasiva] [           main] o.s.b.d.LoggingFailureAnalysisReporter   : 

***************************
APPLICATION FAILED TO START
***************************

Description:

Web server failed to start. Port 8080 was already in use.

Action:

Identify and stop the process that's listening on port 8080 or configure this application to listen on another port.

