
  .   ____          _            __ _ _
 /\\ / ___'_ __ _ _(_)_ __  __ _ \ \ \ \
( ( )\___ | '_ | '_| | '_ \/ _` | \ \ \ \
 \\/  ___)| |_)| | | | | || (_| |  ) ) ) )
  '  |____| .__|_| |_|_| |_\__, | / / / /
 =========|_|==============|___/=/_/_/_/

 :: Spring Boot ::                (v3.4.2)

2025-11-20T10:22:44.056-05:00  INFO 376642 --- [QAPI_FacturacionMasivaWorker] [           main] q.QapiFacturacionMasivaWorkerApplication : Starting QapiFacturacionMasivaWorkerApplication v1.1.0 using Java 17.0.17-ea with PID 376642 (/home/adminblend/Programming/tech_home/Universidad_Caldas/QAPI_FacturacionRepo/QAPI_worker/target/QAPI_FacturacionMasivaWorker-1.1.0.jar started by adminblend in /home/adminblend/Programming/tech_home/Universidad_Caldas/QAPI_FacturacionRepo)
2025-11-20T10:22:44.061-05:00  INFO 376642 --- [QAPI_FacturacionMasivaWorker] [           main] q.QapiFacturacionMasivaWorkerApplication : The following 1 profile is active: "dev"
2025-11-20T10:22:45.267-05:00  INFO 376642 --- [QAPI_FacturacionMasivaWorker] [           main] .s.d.r.c.RepositoryConfigurationDelegate : Bootstrapping Spring Data JPA repositories in DEFAULT mode.
2025-11-20T10:22:45.291-05:00  INFO 376642 --- [QAPI_FacturacionMasivaWorker] [           main] .s.d.r.c.RepositoryConfigurationDelegate : Finished Spring Data repository scanning in 12 ms. Found 0 JPA repository interfaces.
2025-11-20T10:22:45.828-05:00  INFO 376642 --- [QAPI_FacturacionMasivaWorker] [           main] o.s.b.w.embedded.tomcat.TomcatWebServer  : Tomcat initialized with port 8081 (http)
2025-11-20T10:22:45.842-05:00  INFO 376642 --- [QAPI_FacturacionMasivaWorker] [           main] o.apache.catalina.core.StandardService   : Starting service [Tomcat]
2025-11-20T10:22:45.842-05:00  INFO 376642 --- [QAPI_FacturacionMasivaWorker] [           main] o.apache.catalina.core.StandardEngine    : Starting Servlet engine: [Apache Tomcat/10.1.34]
2025-11-20T10:22:45.875-05:00  INFO 376642 --- [QAPI_FacturacionMasivaWorker] [           main] o.a.c.c.C.[Tomcat].[localhost].[/]       : Initializing Spring embedded WebApplicationContext
2025-11-20T10:22:45.877-05:00  INFO 376642 --- [QAPI_FacturacionMasivaWorker] [           main] w.s.c.ServletWebServerApplicationContext : Root WebApplicationContext: initialization completed in 1749 ms
2025-11-20T10:22:46.069-05:00  INFO 376642 --- [QAPI_FacturacionMasivaWorker] [           main] com.zaxxer.hikari.HikariDataSource       : HikariPool-1 - Starting...
2025-11-20T10:22:47.089-05:00  INFO 376642 --- [QAPI_FacturacionMasivaWorker] [           main] com.zaxxer.hikari.pool.HikariPool        : HikariPool-1 - Added connection oracle.jdbc.driver.T4CConnection@58a765ce
2025-11-20T10:22:47.091-05:00  INFO 376642 --- [QAPI_FacturacionMasivaWorker] [           main] com.zaxxer.hikari.HikariDataSource       : HikariPool-1 - Start completed.
2025-11-20T10:22:47.134-05:00  INFO 376642 --- [QAPI_FacturacionMasivaWorker] [           main] o.hibernate.jpa.internal.util.LogHelper  : HHH000204: Processing PersistenceUnitInfo [name: default]
2025-11-20T10:22:47.185-05:00  INFO 376642 --- [QAPI_FacturacionMasivaWorker] [           main] org.hibernate.Version                    : HHH000412: Hibernate ORM core version 6.6.5.Final
2025-11-20T10:22:47.218-05:00  INFO 376642 --- [QAPI_FacturacionMasivaWorker] [           main] o.h.c.internal.RegionFactoryInitiator    : HHH000026: Second-level cache disabled
2025-11-20T10:22:47.439-05:00  INFO 376642 --- [QAPI_FacturacionMasivaWorker] [           main] o.s.o.j.p.SpringPersistenceUnitInfo      : No LoadTimeWeaver setup: ignoring JPA class transformer
2025-11-20T10:22:47.844-05:00  WARN 376642 --- [QAPI_FacturacionMasivaWorker] [           main] org.hibernate.dialect.Dialect            : HHH000511: The 12.1.0 version for [org.hibernate.dialect.OracleDialect] is no longer supported, hence certain features may not work properly. The minimum supported version is 19.0.0. Check the community dialects project for available legacy versions.
2025-11-20T10:22:48.132-05:00  INFO 376642 --- [QAPI_FacturacionMasivaWorker] [           main] org.hibernate.orm.connections.pooling    : HHH10001005: Database info:
	Database JDBC URL [Connecting through datasource 'HikariDataSource (HikariPool-1)']
	Database driver: undefined/unknown
	Database version: 12.1
	Autocommit mode: undefined/unknown
	Isolation level: undefined/unknown
	Minimum pool size: undefined/unknown
	Maximum pool size: undefined/unknown
2025-11-20T10:22:48.323-05:00  INFO 376642 --- [QAPI_FacturacionMasivaWorker] [           main] o.h.e.t.j.p.i.JtaPlatformInitiator       : HHH000489: No JTA platform available (set 'hibernate.transaction.jta.platform' to enable JTA platform integration)
2025-11-20T10:22:48.326-05:00  INFO 376642 --- [QAPI_FacturacionMasivaWorker] [           main] j.LocalContainerEntityManagerFactoryBean : Initialized JPA EntityManagerFactory for persistence unit 'default'
2025-11-20T10:22:49.426-05:00  WARN 376642 --- [QAPI_FacturacionMasivaWorker] [           main] ConfigServletWebServerApplicationContext : Exception encountered during context initialization - cancelling refresh attempt: org.springframework.context.ApplicationContextException: Failed to start bean 'webServerStartStop'
2025-11-20T10:22:51.450-05:00  INFO 376642 --- [QAPI_FacturacionMasivaWorker] [           main] j.LocalContainerEntityManagerFactoryBean : Closing JPA EntityManagerFactory for persistence unit 'default'
2025-11-20T10:22:51.452-05:00  INFO 376642 --- [QAPI_FacturacionMasivaWorker] [           main] com.zaxxer.hikari.HikariDataSource       : HikariPool-1 - Shutdown initiated...
2025-11-20T10:22:52.102-05:00  INFO 376642 --- [QAPI_FacturacionMasivaWorker] [           main] com.zaxxer.hikari.HikariDataSource       : HikariPool-1 - Shutdown completed.
2025-11-20T10:22:52.121-05:00  INFO 376642 --- [QAPI_FacturacionMasivaWorker] [           main] .s.b.a.l.ConditionEvaluationReportLogger : 

Error starting ApplicationContext. To display the condition evaluation report re-run your application with 'debug' enabled.
2025-11-20T10:22:52.138-05:00 ERROR 376642 --- [QAPI_FacturacionMasivaWorker] [           main] o.s.b.d.LoggingFailureAnalysisReporter   : 

***************************
APPLICATION FAILED TO START
***************************

Description:

Web server failed to start. Port 8081 was already in use.

Action:

Identify and stop the process that's listening on port 8081 or configure this application to listen on another port.

