
  .   ____          _            __ _ _
 /\\ / ___'_ __ _ _(_)_ __  __ _ \ \ \ \
( ( )\___ | '_ | '_| | '_ \/ _` | \ \ \ \
 \\/  ___)| |_)| | | | | || (_| |  ) ) ) )
  '  |____| .__|_| |_|_| |_\__, | / / / /
 =========|_|==============|___/=/_/_/_/

 :: Spring Boot ::                (v3.4.2)

2025-11-21T16:24:00.292-05:00  INFO 650114 --- [QAPI_FacturacionMasivaWorker] [           main] q.QapiFacturacionMasivaWorkerApplication : Starting QapiFacturacionMasivaWorkerApplication v1.1.0 using Java 17.0.17-ea with PID 650114 (/home/adminblend/Programming/tech_home/Universidad_Caldas/QAPI_FacturacionRepo_clean/QAPI_worker/target/QAPI_FacturacionMasivaWorker-1.1.0.jar started by adminblend in /home/adminblend/Programming/tech_home/Universidad_Caldas/QAPI_FacturacionRepo_clean)
2025-11-21T16:24:00.295-05:00  INFO 650114 --- [QAPI_FacturacionMasivaWorker] [           main] q.QapiFacturacionMasivaWorkerApplication : The following 1 profile is active: "dev"
2025-11-21T16:24:01.850-05:00  INFO 650114 --- [QAPI_FacturacionMasivaWorker] [           main] .s.d.r.c.RepositoryConfigurationDelegate : Bootstrapping Spring Data JPA repositories in DEFAULT mode.
2025-11-21T16:24:01.877-05:00  INFO 650114 --- [QAPI_FacturacionMasivaWorker] [           main] .s.d.r.c.RepositoryConfigurationDelegate : Finished Spring Data repository scanning in 15 ms. Found 0 JPA repository interfaces.
2025-11-21T16:24:03.113-05:00  INFO 650114 --- [QAPI_FacturacionMasivaWorker] [           main] o.s.b.w.embedded.tomcat.TomcatWebServer  : Tomcat initialized with port 8081 (http)
2025-11-21T16:24:03.135-05:00  INFO 650114 --- [QAPI_FacturacionMasivaWorker] [           main] o.apache.catalina.core.StandardService   : Starting service [Tomcat]
2025-11-21T16:24:03.135-05:00  INFO 650114 --- [QAPI_FacturacionMasivaWorker] [           main] o.apache.catalina.core.StandardEngine    : Starting Servlet engine: [Apache Tomcat/10.1.34]
2025-11-21T16:24:03.187-05:00  INFO 650114 --- [QAPI_FacturacionMasivaWorker] [           main] o.a.c.c.C.[Tomcat].[localhost].[/]       : Initializing Spring embedded WebApplicationContext
2025-11-21T16:24:03.188-05:00  INFO 650114 --- [QAPI_FacturacionMasivaWorker] [           main] w.s.c.ServletWebServerApplicationContext : Root WebApplicationContext: initialization completed in 2803 ms
2025-11-21T16:24:03.604-05:00  INFO 650114 --- [QAPI_FacturacionMasivaWorker] [           main] com.zaxxer.hikari.HikariDataSource       : HikariPool-1 - Starting...
2025-11-21T16:24:04.798-05:00  INFO 650114 --- [QAPI_FacturacionMasivaWorker] [           main] com.zaxxer.hikari.pool.HikariPool        : HikariPool-1 - Added connection oracle.jdbc.driver.T4CConnection@6b162ecc
2025-11-21T16:24:04.801-05:00  INFO 650114 --- [QAPI_FacturacionMasivaWorker] [           main] com.zaxxer.hikari.HikariDataSource       : HikariPool-1 - Start completed.
2025-11-21T16:24:04.944-05:00  INFO 650114 --- [QAPI_FacturacionMasivaWorker] [           main] o.hibernate.jpa.internal.util.LogHelper  : HHH000204: Processing PersistenceUnitInfo [name: default]
2025-11-21T16:24:05.113-05:00  INFO 650114 --- [QAPI_FacturacionMasivaWorker] [           main] org.hibernate.Version                    : HHH000412: Hibernate ORM core version 6.6.5.Final
2025-11-21T16:24:05.187-05:00  INFO 650114 --- [QAPI_FacturacionMasivaWorker] [           main] o.h.c.internal.RegionFactoryInitiator    : HHH000026: Second-level cache disabled
2025-11-21T16:24:05.496-05:00  INFO 650114 --- [QAPI_FacturacionMasivaWorker] [           main] o.s.o.j.p.SpringPersistenceUnitInfo      : No LoadTimeWeaver setup: ignoring JPA class transformer
2025-11-21T16:24:05.982-05:00  WARN 650114 --- [QAPI_FacturacionMasivaWorker] [           main] org.hibernate.dialect.Dialect            : HHH000511: The 12.1.0 version for [org.hibernate.dialect.OracleDialect] is no longer supported, hence certain features may not work properly. The minimum supported version is 19.0.0. Check the community dialects project for available legacy versions.
2025-11-21T16:24:06.273-05:00  INFO 650114 --- [QAPI_FacturacionMasivaWorker] [           main] org.hibernate.orm.connections.pooling    : HHH10001005: Database info:
	Database JDBC URL [Connecting through datasource 'HikariDataSource (HikariPool-1)']
	Database driver: undefined/unknown
	Database version: 12.1
	Autocommit mode: undefined/unknown
	Isolation level: undefined/unknown
	Minimum pool size: undefined/unknown
	Maximum pool size: undefined/unknown
2025-11-21T16:24:06.559-05:00  INFO 650114 --- [QAPI_FacturacionMasivaWorker] [           main] o.h.e.t.j.p.i.JtaPlatformInitiator       : HHH000489: No JTA platform available (set 'hibernate.transaction.jta.platform' to enable JTA platform integration)
2025-11-21T16:24:06.564-05:00  INFO 650114 --- [QAPI_FacturacionMasivaWorker] [           main] j.LocalContainerEntityManagerFactoryBean : Initialized JPA EntityManagerFactory for persistence unit 'default'
2025-11-21T16:24:08.736-05:00  WARN 650114 --- [QAPI_FacturacionMasivaWorker] [           main] ConfigServletWebServerApplicationContext : Exception encountered during context initialization - cancelling refresh attempt: org.springframework.context.ApplicationContextException: Failed to start bean 'webServerStartStop'
2025-11-21T16:24:10.766-05:00  INFO 650114 --- [QAPI_FacturacionMasivaWorker] [           main] j.LocalContainerEntityManagerFactoryBean : Closing JPA EntityManagerFactory for persistence unit 'default'
2025-11-21T16:24:10.768-05:00  INFO 650114 --- [QAPI_FacturacionMasivaWorker] [           main] com.zaxxer.hikari.HikariDataSource       : HikariPool-1 - Shutdown initiated...
2025-11-21T16:24:11.358-05:00  INFO 650114 --- [QAPI_FacturacionMasivaWorker] [           main] com.zaxxer.hikari.HikariDataSource       : HikariPool-1 - Shutdown completed.
2025-11-21T16:24:11.369-05:00  INFO 650114 --- [QAPI_FacturacionMasivaWorker] [           main] .s.b.a.l.ConditionEvaluationReportLogger : 

Error starting ApplicationContext. To display the condition evaluation report re-run your application with 'debug' enabled.
2025-11-21T16:24:11.378-05:00 ERROR 650114 --- [QAPI_FacturacionMasivaWorker] [           main] o.s.b.d.LoggingFailureAnalysisReporter   : 

***************************
APPLICATION FAILED TO START
***************************

Description:

Web server failed to start. Port 8081 was already in use.

Action:

Identify and stop the process that's listening on port 8081 or configure this application to listen on another port.

