
  .   ____          _            __ _ _
 /\\ / ___'_ __ _ _(_)_ __  __ _ \ \ \ \
( ( )\___ | '_ | '_| | '_ \/ _` | \ \ \ \
 \\/  ___)| |_)| | | | | || (_| |  ) ) ) )
  '  |____| .__|_| |_|_| |_\__, | / / / /
 =========|_|==============|___/=/_/_/_/

 :: Spring Boot ::                (v3.4.2)

2025-11-20T11:25:30.290-05:00  INFO 428961 --- [QAPI_FacturacionMasiva] [           main] c.n.q.QapiFacturacionMasivaApplication   : Starting QapiFacturacionMasivaApplication v1.1.1 using Java 17.0.17-ea with PID 428961 (/home/adminblend/Programming/tech_home/Universidad_Caldas/QAPI_FacturacionRepo_clean/QAPI_masiva/target/QAPI_FacturacionMasiva-1.1.1.jar started by adminblend in /home/adminblend/Programming/tech_home/Universidad_Caldas/QAPI_FacturacionRepo_clean)
2025-11-20T11:25:30.292-05:00  INFO 428961 --- [QAPI_FacturacionMasiva] [           main] c.n.q.QapiFacturacionMasivaApplication   : The following 1 profile is active: "dev"
2025-11-20T11:25:31.311-05:00  INFO 428961 --- [QAPI_FacturacionMasiva] [           main] o.s.b.w.embedded.tomcat.TomcatWebServer  : Tomcat initialized with port 8080 (http)
2025-11-20T11:25:31.319-05:00  INFO 428961 --- [QAPI_FacturacionMasiva] [           main] o.apache.catalina.core.StandardService   : Starting service [Tomcat]
2025-11-20T11:25:31.319-05:00  INFO 428961 --- [QAPI_FacturacionMasiva] [           main] o.apache.catalina.core.StandardEngine    : Starting Servlet engine: [Apache Tomcat/10.1.34]
2025-11-20T11:25:31.339-05:00  INFO 428961 --- [QAPI_FacturacionMasiva] [           main] o.a.c.c.C.[Tomcat].[localhost].[/]       : Initializing Spring embedded WebApplicationContext
2025-11-20T11:25:31.339-05:00  INFO 428961 --- [QAPI_FacturacionMasiva] [           main] w.s.c.ServletWebServerApplicationContext : Root WebApplicationContext: initialization completed in 1020 ms
2025-11-20T11:25:31.435-05:00 DEBUG 428961 --- [QAPI_FacturacionMasiva] [           main] o.s.w.f.ServerHttpObservationFilter      : Filter 'webMvcObservationFilter' configured for use
2025-11-20T11:25:32.111-05:00 DEBUG 428961 --- [QAPI_FacturacionMasiva] [           main] swordEncoderAuthenticationManagerBuilder : No authenticationProviders and no parentAuthenticationManager defined. Returning null.
2025-11-20T11:25:32.193-05:00 DEBUG 428961 --- [QAPI_FacturacionMasiva] [           main] s.w.s.m.m.a.RequestMappingHandlerMapping : 8 mappings in 'requestMappingHandlerMapping'
2025-11-20T11:25:32.215-05:00 DEBUG 428961 --- [QAPI_FacturacionMasiva] [           main] o.s.w.s.handler.SimpleUrlHandlerMapping  : Patterns [/webjars/**, /**, /swagger-ui*/*swagger-initializer.js, /swagger-ui*/**] in 'resourceHandlerMapping'
2025-11-20T11:25:32.281-05:00  INFO 428961 --- [QAPI_FacturacionMasiva] [           main] o.s.b.a.e.web.EndpointLinksResolver      : Exposing 5 endpoints beneath base path '/actuator'
2025-11-20T11:25:32.317-05:00 DEBUG 428961 --- [QAPI_FacturacionMasiva] [           main] o.s.s.web.DefaultSecurityFilterChain     : Will secure any request with filters: DisableEncodeUrlFilter, WebAsyncManagerIntegrationFilter, SecurityContextHolderFilter, HeaderWriterFilter, CorsFilter, LogoutFilter, RequestCacheAwareFilter, SecurityContextHolderAwareRequestFilter, AnonymousAuthenticationFilter, SessionManagementFilter, ExceptionTranslationFilter, AuthorizationFilter
2025-11-20T11:25:32.372-05:00 DEBUG 428961 --- [QAPI_FacturacionMasiva] [           main] s.w.s.m.m.a.RequestMappingHandlerAdapter : ControllerAdvice beans: 0 @ModelAttribute, 0 @InitBinder, 1 RequestBodyAdvice, 1 ResponseBodyAdvice
2025-11-20T11:25:32.407-05:00 DEBUG 428961 --- [QAPI_FacturacionMasiva] [           main] .m.m.a.ExceptionHandlerExceptionResolver : ControllerAdvice beans: 1 @ExceptionHandler, 1 ResponseBodyAdvice
2025-11-20T11:25:32.585-05:00  INFO 428961 --- [QAPI_FacturacionMasiva] [           main] o.s.b.w.embedded.tomcat.TomcatWebServer  : Tomcat started on port 8080 (http) with context path '/'
2025-11-20T11:25:32.599-05:00  INFO 428961 --- [QAPI_FacturacionMasiva] [           main] c.n.q.QapiFacturacionMasivaApplication   : Started QapiFacturacionMasivaApplication in 2.607 seconds (process running for 3.083)
2025-11-20T11:29:07.430-05:00  INFO 428961 --- [QAPI_FacturacionMasiva] [nio-8080-exec-1] o.a.c.c.C.[Tomcat].[localhost].[/]       : Initializing Spring DispatcherServlet 'dispatcherServlet'
2025-11-20T11:29:07.430-05:00  INFO 428961 --- [QAPI_FacturacionMasiva] [nio-8080-exec-1] o.s.web.servlet.DispatcherServlet        : Initializing Servlet 'dispatcherServlet'
2025-11-20T11:29:07.430-05:00 DEBUG 428961 --- [QAPI_FacturacionMasiva] [nio-8080-exec-1] o.s.web.servlet.DispatcherServlet        : Detected StandardServletMultipartResolver
2025-11-20T11:29:07.431-05:00 DEBUG 428961 --- [QAPI_FacturacionMasiva] [nio-8080-exec-1] o.s.web.servlet.DispatcherServlet        : Detected AcceptHeaderLocaleResolver
2025-11-20T11:29:07.431-05:00 DEBUG 428961 --- [QAPI_FacturacionMasiva] [nio-8080-exec-1] o.s.web.servlet.DispatcherServlet        : Detected FixedThemeResolver
2025-11-20T11:29:07.432-05:00 DEBUG 428961 --- [QAPI_FacturacionMasiva] [nio-8080-exec-1] o.s.web.servlet.DispatcherServlet        : Detected org.springframework.web.servlet.view.DefaultRequestToViewNameTranslator@1f4e51cb
2025-11-20T11:29:07.433-05:00 DEBUG 428961 --- [QAPI_FacturacionMasiva] [nio-8080-exec-1] o.s.web.servlet.DispatcherServlet        : Detected org.springframework.web.servlet.support.SessionFlashMapManager@20213afe
2025-11-20T11:29:07.433-05:00 DEBUG 428961 --- [QAPI_FacturacionMasiva] [nio-8080-exec-1] o.s.web.servlet.DispatcherServlet        : enableLoggingRequestDetails='false': request parameters and headers will be masked to prevent unsafe logging of potentially sensitive data
2025-11-20T11:29:07.433-05:00  INFO 428961 --- [QAPI_FacturacionMasiva] [nio-8080-exec-1] o.s.web.servlet.DispatcherServlet        : Completed initialization in 3 ms
2025-11-20T11:29:07.468-05:00 DEBUG 428961 --- [QAPI_FacturacionMasiva] [nio-8080-exec-1] o.s.security.web.FilterChainProxy        : Securing GET /actuator/health
2025-11-20T11:29:07.481-05:00 DEBUG 428961 --- [QAPI_FacturacionMasiva] [nio-8080-exec-1] o.s.s.w.a.AnonymousAuthenticationFilter  : Set SecurityContextHolder to anonymous SecurityContext
2025-11-20T11:29:07.489-05:00 DEBUG 428961 --- [QAPI_FacturacionMasiva] [nio-8080-exec-1] o.s.security.web.FilterChainProxy        : Secured GET /actuator/health
2025-11-20T11:29:07.492-05:00 DEBUG 428961 --- [QAPI_FacturacionMasiva] [nio-8080-exec-1] o.s.web.servlet.DispatcherServlet        : GET "/actuator/health", parameters={}
2025-11-20T11:29:07.514-05:00 DEBUG 428961 --- [QAPI_FacturacionMasiva] [nio-8080-exec-1] m.m.a.RequestResponseBodyMethodProcessor : Read "application/octet-stream" to []
2025-11-20T11:29:07.531-05:00 DEBUG 428961 --- [QAPI_FacturacionMasiva] [nio-8080-exec-1] o.s.w.s.m.m.a.HttpEntityMethodProcessor  : Using 'application/vnd.spring-boot.actuator.v3+json', given [*/*] and supported [application/vnd.spring-boot.actuator.v3+json, application/vnd.spring-boot.actuator.v2+json, application/json]
2025-11-20T11:29:07.579-05:00 DEBUG 428961 --- [QAPI_FacturacionMasiva] [nio-8080-exec-1] o.s.w.s.m.m.a.HttpEntityMethodProcessor  : Writing [org.springframework.boot.actuate.health.SystemHealth@dfcb5a5]
2025-11-20T11:29:07.609-05:00 DEBUG 428961 --- [QAPI_FacturacionMasiva] [nio-8080-exec-1] o.s.web.servlet.DispatcherServlet        : Completed 200 OK
2025-11-20T11:29:08.104-05:00 DEBUG 428961 --- [QAPI_FacturacionMasiva] [nio-8080-exec-2] o.s.security.web.FilterChainProxy        : Securing POST /facturacion-masiva/nota-debito
2025-11-20T11:29:08.105-05:00 DEBUG 428961 --- [QAPI_FacturacionMasiva] [nio-8080-exec-2] o.s.s.w.a.AnonymousAuthenticationFilter  : Set SecurityContextHolder to anonymous SecurityContext
2025-11-20T11:29:08.105-05:00 DEBUG 428961 --- [QAPI_FacturacionMasiva] [nio-8080-exec-2] o.s.security.web.FilterChainProxy        : Secured POST /facturacion-masiva/nota-debito
2025-11-20T11:29:08.105-05:00 DEBUG 428961 --- [QAPI_FacturacionMasiva] [nio-8080-exec-2] o.s.web.servlet.DispatcherServlet        : POST "/facturacion-masiva/nota-debito", parameters={}
2025-11-20T11:29:08.106-05:00 DEBUG 428961 --- [QAPI_FacturacionMasiva] [nio-8080-exec-2] s.w.s.m.m.a.RequestMappingHandlerMapping : Mapped to cc.nuvu.qapi.presentation.controllers.FacturacionMasivaController#generarJsonNotaDebito(List, HttpServletRequest)
2025-11-20T11:29:08.152-05:00 DEBUG 428961 --- [QAPI_FacturacionMasiva] [nio-8080-exec-2] m.m.a.RequestResponseBodyMethodProcessor : Read "application/json;charset=UTF-8" to [[NotaDebitoRequest(referencia=TEST-001, cicloLectivo=2025-1, nitTercero=123456789, cuentaConsignacio (truncated)...]
2025-11-20T11:29:08.215-05:00  INFO 428961 --- [QAPI_FacturacionMasiva] [nio-8080-exec-2] c.n.q.p.c.FacturacionMasivaController    : 🎯 POST /facturacion-masiva/nota-debito - Recibidas 1 solicitudes
2025-11-20T11:29:08.217-05:00  INFO 428961 --- [QAPI_FacturacionMasiva] [nio-8080-exec-2] c.n.qapi.service.ProcesarRequestService  : 📦 Procesando batch de 1 solicitudes...
2025-11-20T11:29:08.217-05:00  INFO 428961 --- [QAPI_FacturacionMasiva] [nio-8080-exec-2] c.n.qapi.service.ProcesarRequestService  : 🔄 Paso 1: Enviando a SQS...
2025-11-20T11:29:08.220-05:00  INFO 428961 --- [QAPI_FacturacionMasiva] [nio-8080-exec-2] c.n.qapi.infraestructure.sqs.SqsSender   : 📨 Enviando batch a SQS - Cola: uca-test-factmasiva-sqs.fifo - Items: 1
2025-11-20T11:29:08.528-05:00  INFO 428961 --- [QAPI_FacturacionMasiva] [nio-8080-exec-2] c.n.qapi.infraestructure.sqs.SqsSender   : ✅ Batch enviado - MessageId: 5f98d5c9-bbd2-40c3-a209-98d7d4b13703
2025-11-20T11:29:08.528-05:00  INFO 428961 --- [QAPI_FacturacionMasiva] [nio-8080-exec-2] c.n.qapi.infraestructure.sqs.SqsSender   : 📤 Mensaje enviado a SQS - MessageId: 5f98d5c9-bbd2-40c3-a209-98d7d4b13703 - Items en batch: 1
2025-11-20T11:29:08.528-05:00  INFO 428961 --- [QAPI_FacturacionMasiva] [nio-8080-exec-2] c.n.qapi.service.ProcesarRequestService  : ✅ Mensajes enviados a SQS: [5f98d5c9-bbd2-40c3-a209-98d7d4b13703]
2025-11-20T11:29:08.528-05:00  INFO 428961 --- [QAPI_FacturacionMasiva] [nio-8080-exec-2] c.n.qapi.service.ProcesarRequestService  : 🔄 Paso 2: Guardando en DynamoDB...
2025-11-20T11:29:08.673-05:00  INFO 428961 --- [QAPI_FacturacionMasiva] [nio-8080-exec-2] c.n.qapi.service.ProcesarRequestService  : ✅ Guardado en DynamoDB completado
2025-11-20T11:29:08.673-05:00  INFO 428961 --- [QAPI_FacturacionMasiva] [nio-8080-exec-2] c.n.q.p.c.FacturacionMasivaController    : ✅ Procesamiento completado - MessageIds generados: [5f98d5c9-bbd2-40c3-a209-98d7d4b13703]
2025-11-20T11:29:08.675-05:00 DEBUG 428961 --- [QAPI_FacturacionMasiva] [nio-8080-exec-2] o.s.w.s.m.m.a.HttpEntityMethodProcessor  : Using 'application/json', given [*/*] and supported [application/json, application/*+json, application/yaml]
2025-11-20T11:29:08.675-05:00 DEBUG 428961 --- [QAPI_FacturacionMasiva] [nio-8080-exec-2] o.s.w.s.m.m.a.HttpEntityMethodProcessor  : Writing [{totalSolicitudes=1, messageIds=[5f98d5c9-bbd2-40c3-a209-98d7d4b13703], message=Solicitudes encolada (truncated)...]
2025-11-20T11:29:08.676-05:00 DEBUG 428961 --- [QAPI_FacturacionMasiva] [nio-8080-exec-2] o.s.web.servlet.DispatcherServlet        : Completed 202 ACCEPTED
